// Bun Snapshot v1, https://goo.gl/fbAQLP

exports[`JSONSchemaDecoder decode complex 1`] = `
{
  "$defs": {
    "A": {
      "type": "string",
    },
    "Arr": {
      "items": {
        "type": "string",
      },
      "type": "array",
    },
    "B": {
      "type": "integer",
    },
    "C": {
      "enum": [
        "X",
        "Y",
        "Z",
      ],
    },
    "Map": {
      "additionalProperties": {
        "type": "string",
      },
      "propertyNames": {
        "type": "string",
      },
      "type": "object",
    },
    "Obj": {
      "allOf": [
        {
          "$ref": "#/$defs/ObjC",
        },
        {
          "additionalProperties": false,
          "properties": {
            "a": {
              "$ref": "#/$defs/A",
            },
            "nested": {
              "$ref": "#/$defs/ObjC",
            },
          },
          "required": [
            "a",
          ],
          "type": "object",
        },
      ],
    },
    "ObjC": {
      "additionalProperties": false,
      "properties": {
        "c": {
          "$ref": "#/$defs/C",
        },
      },
      "required": [],
      "type": "object",
    },
    "TaggedUnion": {
      "discriminator": {
        "propertyName": "type",
      },
      "oneOf": [
        {
          "$ref": "#/$defs/TaggedUnionWhenA",
        },
        {
          "additionalProperties": false,
          "properties": {
            "b": {
              "$ref": "#/$defs/B",
            },
            "type": {
              "enum": [
                "B",
              ],
            },
          },
          "required": [
            "type",
            "b",
          ],
          "type": "object",
        },
      ],
    },
    "TaggedUnionWhenA": {
      "additionalProperties": false,
      "properties": {
        "a": {
          "$ref": "#/$defs/A",
        },
        "b": {
          "$ref": "#/$defs/B",
        },
        "type": {
          "enum": [
            "A",
          ],
        },
      },
      "required": [
        "type",
        "a",
      ],
      "type": "object",
    },
    "Union": {
      "discriminator": {
        "propertyName": "type",
      },
      "oneOf": [
        {
          "additionalProperties": false,
          "properties": {
            "a": {
              "$ref": "#/$defs/A",
            },
            "b": {
              "$ref": "#/$defs/B",
            },
            "type": {
              "enum": [
                "A",
              ],
            },
          },
          "required": [
            "type",
            "a",
          ],
          "type": "object",
        },
        {
          "additionalProperties": false,
          "properties": {
            "b": {
              "$ref": "#/$defs/B",
            },
            "type": {
              "enum": [
                "B",
              ],
            },
          },
          "required": [
            "type",
            "b",
          ],
          "type": "object",
        },
      ],
    },
  },
  "additionalProperties": false,
  "properties": {
    "arr": {
      "$ref": "#/$defs/Arr",
    },
    "map": {
      "$ref": "#/$defs/Map",
    },
    "obj": {
      "$ref": "#/$defs/Obj",
    },
    "tagged": {
      "$ref": "#/$defs/TaggedUnion",
    },
    "union": {
      "$ref": "#/$defs/Union",
    },
  },
  "required": [],
  "type": "object",
}
`;
